
> project1@1.0.0 build
> vite build

[36mvite v7.3.1 [32mbuilding client environment for production...[36m[39m
transforming...
[32mΓ£ô[39m 7 modules transformed.
Γ£ù Build failed in 201ms
error during build:
[vite]: Rollup failed to resolve import "@vercel/analytics/react" from "D:/project1/src/App.jsx".
This is most likely unintended because it can break your application at runtime.
If you do want to externalize this module explicitly add it to
`build.rollupOptions.external`
    at viteLog (file:///D:/project1/node_modules/vite/dist/node/chunks/config.js:33635:57)
    at file:///D:/project1/node_modules/vite/dist/node/chunks/config.js:33669:73
    at onwarn (file:///D:/project1/node_modules/@vitejs/plugin-react/dist/index.js:76:7)
    at file:///D:/project1/node_modules/vite/dist/node/chunks/config.js:33669:28
    at onRollupLog (file:///D:/project1/node_modules/vite/dist/node/chunks/config.js:33664:63)
    at onLog (file:///D:/project1/node_modules/vite/dist/node/chunks/config.js:33467:4)
    at file:///D:/project1/node_modules/rollup/dist/es/shared/node-entry.js:20981:32
    at Object.logger [as onLog] (file:///D:/project1/node_modules/rollup/dist/es/shared/node-entry.js:22968:9)
    at ModuleLoader.handleInvalidResolvedId (file:///D:/project1/node_modules/rollup/dist/es/shared/node-entry.js:21712:26)
    at file:///D:/project1/node_modules/rollup/dist/es/shared/node-entry.js:21670:26
